SQL> conn adam/1234
Connected.
SQL> -- 제약조건(unique, not null, primary key, default, check, foreing key, index)
SQL> -- default 제약조건은 컬럼의 기본값을 부여할 수 있는 제약조건
SQL> -- 현재 계정이 보유한 테이블들 조회
SQL> select table_name from user_tables;

TABLE_NAME                                                                      
------------------------------------------------------------                    
MEMBER                                                                          
DEPT                                                                            
EMP                                                                             
MEMBER2                                                                         
MEMBER3                                                                         
MEMBER4                                                                         

6 rows selected.

SQL> create table member5(
  2  member5_id number primary key
  3  , name varchar(20)
  4  , sal number default 0
  5  , hiredate date default sysdate
  6  );

Table created.

SQL> -- 테이블마다 1:1 대응하는 시퀀스를 둔다!!
SQL> create sequence seq_member5
  2  increment by 1
  3  start with 1
  4  ;

Sequence created.

SQL> -- 디폴트 값이 제대로 동작하는지 확인
SQL> insert into member5(member5_id, name) values(seq_member5.nextval,'batman');

1 row created.

SQL> select * from member5;

MEMBER5_ID NAME                                            SAL HIREDATE         
---------- ---------------------------------------- ---------- --------         
         1 batman                                            0 21/03/10         

SQL> -- 기존 member5 테이블에 회원 포인트 컬럼을 추가하고 회원가입과 동시에
SQL> -- 5000 포인트를 기본적으로 주고싶다면?
SQL> alter table member5
  2  add point number default 5000;

Table altered.

SQL> insert into member5(member5_id, name) values(seq_member5.nextval,'superman');

1 row created.

SQL> select * from member5;

MEMBER5_ID NAME                                            SAL HIREDATE         
---------- ---------------------------------------- ---------- --------         
     POINT                                                                      
----------                                                                      
         1 batman                                            0 21/03/10         
      5000                                                                      
                                                                                
         2 superman                                          0 21/03/10         
      5000                                                                      
                                                                                

SQL> set line 250;
SQL> select * from member5;

MEMBER5_ID NAME                                            SAL HIREDATE      POINT                                                                                                                                                                        
---------- ---------------------------------------- ---------- -------- ----------                                                                                                                                                                        
         1 batman                                            0 21/03/10       5000                                                                                                                                                                        
         2 superman                                          0 21/03/10       5000                                                                                                                                                                        

SQL> -- check 제약조건은 어떤 값을 받아들일지 조건을 부옇는 제약조건
SQL> -- 즉 지정한 조건만 받아들임
SQL> create table member6(
  2  member6_id number primary key
  3  , name varchar(20)
  4  , sal number default 0
  5  , age number
  6  , constraint chk_member6 check(age>=18)
  7  );

Table created.

SQL> create sequence seq_member6
  2  increment by 1
  3  start with 1;

Sequence created.

SQL> insert into member6(member6_id, name, age)
  2  values(seq_member6.nextval,'batman',19);

1 row created.

SQL> values(seq_member6.nextval,'batman',18);
SP2-0734: unknown command beginning "values(seq..." - rest of line ignored.
SQL> insert into member6(member6_id, name, age) values(seq_member6.nextval,'batman',18);

1 row created.

SQL> insert into member6(member6_id, name, age) values(seq_member6.nextval,'batman',17);
insert into member6(member6_id, name, age) values(seq_member6.nextval,'batman',17)
*
ERROR at line 1:
ORA-02290: check constraint (ADAM.CHK_MEMBER6) violated 


SQL> -- member6 테이블에 성별컴럼을 추가하되, 반드시 '남' or '여'
SQL> alter table member6
  2  add gender varchar(10) check(gernder='남' or gender='여')
  3  ;

*
ERROR at line 3:
ORA-02438: Column check constraint cannot reference other columns 


SQL> alter table member6
  2  add gender varchar(10) check(gender='남' or gender='여')
  3  ;

Table altered.

SQL> insert into member6(member6_id, name, age, gender)
  2  values(seq_member6.nextval,'superman',19,'여');

1 row created.

SQL> spool off
